2026-08-18 00:09:27,013 WARNING 检测到已有实例，本次启动退出
2026-08-18 00:10:57,994 INFO KeyTone 幽灵版启动
2026-08-18 00:12:55,428 INFO KeyTone 幽灵版启动
2026-08-18 00:13:15,789 WARNING 检测到已有实例，本次启动退出
2026-08-18 00:19:24,406 INFO 模式切换: 音符弹琴模式
2026-08-18 00:20:57,602 INFO 模式切换: 预制旋律模式
2026-08-18 00:27:05,177 INFO 模式切换: 按键音效模式
2026-08-18 00:34:32,044 INFO KeyTone 幽灵版启动
2026-08-18 00:35:06,409 INFO KeyTone 幽灵版启动
2026-08-18 00:35:12,695 WARNING 检测到已有实例，本次启动退出
2026-08-18 00:35:13,247 WARNING 检测到已有实例，本次启动退出
2026-08-18 00:35:13,480 WARNING 检测到已有实例，本次启动退出
2026-08-18 00:35:13,683 WARNING 检测到已有实例，本次启动退出
2026-08-18 00:36:23,506 INFO KeyTone 幽灵版启动
2026-08-18 00:36:43,744 INFO 模式切换: 音符弹琴模式
2026-08-18 00:36:51,599 INFO 模式切换: 预制旋律模式
2026-08-18 00:37:02,700 INFO 模式切换: 按键音效模式
2026-08-18 00:39:27,058 INFO KeyTone 幽灵版启动
2026-08-18 00:40:05,822 INFO 模式切换: 音符弹琴模式
2026-08-18 00:40:15,451 INFO 模式切换: 预制旋律模式
2026-08-18 00:40:29,895 INFO 模式切换: 按键音效模式
